2026-08-27 15:18 UTC
Prediction for 2026-08-27 at (48.8566, 2.3522):
  Predicted max temperature: 27.8 °C
  Predicted chance of rain:  55%
---
2026-08-28 20:18 UTC
Prediction for 2026-08-28 at (48.8566, 2.3522):
  Predicted max temperature: 25.0 °C
  Predicted chance of rain:  70%
---
2026-08-31 16:17 UTC
Prediction for 2026-08-31 at (48.8566, 2.3522):
  Predicted max temperature: 22.8 °C
  Predicted chance of rain:  68%
---
2026-09-01 13:37 UTC
Prediction for 2026-09-01 at (48.8566, 2.3522):
  Predicted max temperature: 23.3 °C
  Predicted chance of rain:  56%
---
2026-09-02 12:53 UTC
Prediction for 2026-09-02 at (48.8566, 2.3522):
  Predicted max temperature: 26.4 °C
  Predicted chance of rain:  17%
---
2026-09-03 12:56 UTC
Prediction for 2026-09-03 at (48.8566, 2.3522):
  Predicted max temperature: 27.8 °C
  Predicted chance of rain:  11%
---
2026-09-04 12:50 UTC
Prediction for 2026-09-04 at (48.8566, 2.3522):
  Predicted max temperature: 27.3 °C
  Predicted chance of rain:  20%
---
2026-09-07 14:22 UTC
Prediction for 2026-09-07 at (48.8566, 2.3522):
  Predicted max temperature: 29.1 °C
  Predicted chance of rain:  15%
---
2026-09-08 12:59 UTC
Prediction for 2026-09-08 at (48.8566, 2.3522):
  Predicted max temperature: 26.2 °C
  Predicted chance of rain:  35%
---
2026-09-09 13:04 UTC
Prediction for 2026-09-09 at (48.8566, 2.3522):
  Predicted max temperature: 23.6 °C
  Predicted chance of rain:  77%
---
2026-09-10 13:01 UTC
Prediction for 2026-09-10 at (48.8566, 2.3522):
  Predicted max temperature: 22.8 °C
  Predicted chance of rain:  49%
---
2026-09-11 12:56 UTC
Prediction for 2026-09-11 at (48.8566, 2.3522):
  Predicted max temperature: 23.1 °C
  Predicted chance of rain:  25%
---
